<html>
<body>
<pre>
<h1>µVision Build Log</h1>
<h2>Tool Versions:</h2>
IDE-Version: µVision V5.17.0.0
Copyright (C) 2015 ARM Ltd and ARM Germany GmbH. All rights reserved.
License Information: Muhammed Emin Alan, yýldýz teknik ünüversitesi, LIC=P6F63-AD617-XCNJ0-BJL7P-ZXPRX-UMUUR
 
Tool Versions:
Toolchain:       MDK-ARM Professional  Version: 5.17
Toolchain Path:  C:\Keil_v5\ARM\ARMCC\Bin
C Compiler:      Armcc.exe V5.06 update 1 (build 61)
Assembler:       Armasm.exe V5.06 update 1 (build 61)
Linker/Locator:  ArmLink.exe V5.06 update 1 (build 61)
Library Manager: ArmAr.exe V5.06 update 1 (build 61)
Hex Converter:   FromElf.exe V5.06 update 1 (build 61)
CPU DLL:         SARMCM3.DLL V5.17
Dialog DLL:      DCM.DLL V1.13.4.0
Target DLL:      STLink\ST-LINKIII-KEIL_SWO.dll V2.0.18.0
Dialog DLL:      TCM.DLL V1.14.6.0
 
<h2>Project:</h2>
C:\Users\MuhammedEmin\Desktop\arçelik staj\stm32f0_denemeler\B\MDK-ARM\BMS_The_F.uvprojx
Project File Date:  08/18/2017

<h2>Output:</h2>
*** Using Compiler 'V5.06 update 1 (build 61)', folder: 'C:\Keil_v5\ARM\ARMCC\Bin'
Build target 'BMS_The_F'
compiling main.c...
../Inc/ISL94202.h(21): warning:  #1295-D: Deprecated declaration ISL94202_updateStatus - give arg types
  void ISL94202_updateStatus();
../Inc/ISL94202.h(25): warning:  #1295-D: Deprecated declaration ISL94202_getPackCurrentMA - give arg types
  uint16_t ISL94202_getPackCurrentMA();
../Inc/ISL94202.h(28): warning:  #1295-D: Deprecated declaration ISL94202_getBalancingCells - give arg types
  uint8_t ISL94202_getBalancingCells();
../Src/main.c(126): warning:  #550-D: variable "buffer" was set but never used
  static uint8_t buffer[2];
../Src/main.c: 4 warnings, 0 errors
linking...
Program Size: Code=12652 RO-data=344 RW-data=20 ZI-data=1284  
"BMS_The_F\BMS_The_F.axf" - 0 Error(s), 4 Warning(s).

<h2>Software Packages used:</h2>

Package Vendor: ARM
                http://www.keil.com/pack/ARM.CMSIS.5.0.0-Beta4.pack
                ARM::CMSIS:CORE:5.0.0
                CMSIS (Cortex Microcontroller Software Interface Standard)
   * Component: CORE Version: 5.0.0

<h2>Collection of Component include folders:</h2>
  C:\Users\MuhammedEmin\Desktop\arçelik staj\stm32f0_denemeler\B\MDK-ARM\RTE
  C:\Keil_v5\ARM\PACK\ARM\CMSIS\5.0.0-Beta4\CMSIS\Include
  C:\Keil_v5\ARM\PACK\Keil\STM32F1xx_DFP\2.1.0\Device\Include

<h2>Collection of Component Files used:</h2>

   * Component: ARM::CMSIS:CORE:5.0.0
Build Time Elapsed:  00:00:01
</pre>
</body>
</html>
